// Jest Snapshot v1, https://goo.gl/fbAQLP

exports[`Body component should render without errors 1`] = `
<tbody
  className="MuiTableBody-root-1"
>
  <tr
    className="MuiTableRow-root-2"
  >
    <th
      aria-sort={null}
      className="MuiTableCell-root-7 MuiTableCell-body-9 MuiTableCell-alignLeft-15"
      scope="row"
    >
      <div>
        50cf
      </div>
    </th>
    <td
      aria-sort={null}
      className="MuiTableCell-root-7 MuiTableCell-body-9 MuiTableCell-alignRight-17"
    >
      <div>
        28
      </div>
    </td>
    <td
      aria-sort={null}
      className="MuiTableCell-root-7 MuiTableCell-body-9 MuiTableCell-alignRight-17"
    >
      <div>
        Kerr Mayo
      </div>
    </td>
    <td
      aria-sort={null}
      className="MuiTableCell-root-7 MuiTableCell-body-9 MuiTableCell-alignRight-17"
    >
      <div />
    </td>
    <td
      aria-sort={null}
      className="MuiTableCell-root-7 MuiTableCell-body-9 MuiTableCell-alignRight-17"
    >
      <div>
        1972-09-04T11:09:59
      </div>
    </td>
  </tr>
  <tr
    className="MuiTableRow-root-2"
  >
    <th
      aria-sort={null}
      className="MuiTableCell-root-7 MuiTableCell-body-9 MuiTableCell-alignLeft-15"
      scope="row"
    >
      <div>
        209
      </div>
    </th>
    <td
      aria-sort={null}
      className="MuiTableCell-root-7 MuiTableCell-body-9 MuiTableCell-alignRight-17"
    >
      <div>
        34
      </div>
    </td>
    <td
      aria-sort={null}
      className="MuiTableCell-root-7 MuiTableCell-body-9 MuiTableCell-alignRight-17"
    >
      <div>
        Freda Bowman
      </div>
    </td>
    <td
      aria-sort={null}
      className="MuiTableCell-root-7 MuiTableCell-body-9 MuiTableCell-alignRight-17"
    >
      <div />
    </td>
    <td
      aria-sort={null}
      className="MuiTableCell-root-7 MuiTableCell-body-9 MuiTableCell-alignRight-17"
    >
      <div>
        1988-03-14T09:03:19
      </div>
    </td>
  </tr>
  <tr
    className="MuiTableRow-root-2"
  >
    <th
      aria-sort={null}
      className="MuiTableCell-root-7 MuiTableCell-body-9 MuiTableCell-alignLeft-15"
      scope="row"
    >
      <div>
        2dd81ef
      </div>
    </th>
    <td
      aria-sort={null}
      className="MuiTableCell-root-7 MuiTableCell-body-9 MuiTableCell-alignRight-17"
    >
      <div>
        14
      </div>
    </td>
    <td
      aria-sort={null}
      className="MuiTableCell-root-7 MuiTableCell-body-9 MuiTableCell-alignRight-17"
    >
      <div>
        Becky Lawrence
      </div>
    </td>
    <td
      aria-sort={null}
      className="MuiTableCell-root-7 MuiTableCell-body-9 MuiTableCell-alignRight-17"
    >
      <div />
    </td>
    <td
      aria-sort={null}
      className="MuiTableCell-root-7 MuiTableCell-body-9 MuiTableCell-alignRight-17"
    >
      <div>
        1969-02-10T04:02:44
      </div>
    </td>
  </tr>
</tbody>
`;
