// Jest Snapshot v1, https://goo.gl/fbAQLP

exports[`DatatableBuilder component should render without errors 1`] = `
<table
  className="MuiTable-root-1"
>
  <thead
    className="MuiTableHead-root-2"
  >
    <tr
      className="MuiTableRow-root-3 MuiTableRow-head-6"
    >
      <th
        aria-sort={null}
        className="MuiTableCell-root-8 MuiTableCell-head-9 MuiTableCell-alignLeft-16"
        scope="col"
      >
        <div>
          id
        </div>
      </th>
      <th
        aria-sort={null}
        className="MuiTableCell-root-8 MuiTableCell-head-9 MuiTableCell-alignRight-18"
        scope="col"
      >
        <div>
          name
        </div>
      </th>
      <th
        aria-sort={null}
        className="MuiTableCell-root-8 MuiTableCell-head-9 MuiTableCell-alignRight-18"
        scope="col"
      >
        <div>
          age
        </div>
      </th>
      <th
        aria-sort={null}
        className="MuiTableCell-root-8 MuiTableCell-head-9 MuiTableCell-alignRight-18"
        scope="col"
      >
        <div>
          adult
        </div>
      </th>
      <th
        aria-sort={null}
        className="MuiTableCell-root-8 MuiTableCell-head-9 MuiTableCell-alignRight-18"
        scope="col"
      >
        <div>
          birth date
        </div>
      </th>
    </tr>
  </thead>
  <tbody
    className="MuiTableBody-root-20"
  >
    <tr
      className="MuiTableRow-root-3"
    >
      <th
        aria-sort={null}
        className="MuiTableCell-root-8 MuiTableCell-body-10 MuiTableCell-alignLeft-16"
        scope="row"
      >
        <div>
          50cf
        </div>
      </th>
      <td
        aria-sort={null}
        className="MuiTableCell-root-8 MuiTableCell-body-10 MuiTableCell-alignRight-18"
      >
        <div>
          28
        </div>
      </td>
      <td
        aria-sort={null}
        className="MuiTableCell-root-8 MuiTableCell-body-10 MuiTableCell-alignRight-18"
      >
        <div>
          Kerr Mayo
        </div>
      </td>
      <td
        aria-sort={null}
        className="MuiTableCell-root-8 MuiTableCell-body-10 MuiTableCell-alignRight-18"
      >
        <div />
      </td>
      <td
        aria-sort={null}
        className="MuiTableCell-root-8 MuiTableCell-body-10 MuiTableCell-alignRight-18"
      >
        <div>
          1972-09-04T11:09:59
        </div>
      </td>
    </tr>
    <tr
      className="MuiTableRow-root-3"
    >
      <th
        aria-sort={null}
        className="MuiTableCell-root-8 MuiTableCell-body-10 MuiTableCell-alignLeft-16"
        scope="row"
      >
        <div>
          209
        </div>
      </th>
      <td
        aria-sort={null}
        className="MuiTableCell-root-8 MuiTableCell-body-10 MuiTableCell-alignRight-18"
      >
        <div>
          34
        </div>
      </td>
      <td
        aria-sort={null}
        className="MuiTableCell-root-8 MuiTableCell-body-10 MuiTableCell-alignRight-18"
      >
        <div>
          Freda Bowman
        </div>
      </td>
      <td
        aria-sort={null}
        className="MuiTableCell-root-8 MuiTableCell-body-10 MuiTableCell-alignRight-18"
      >
        <div />
      </td>
      <td
        aria-sort={null}
        className="MuiTableCell-root-8 MuiTableCell-body-10 MuiTableCell-alignRight-18"
      >
        <div>
          1988-03-14T09:03:19
        </div>
      </td>
    </tr>
    <tr
      className="MuiTableRow-root-3"
    >
      <th
        aria-sort={null}
        className="MuiTableCell-root-8 MuiTableCell-body-10 MuiTableCell-alignLeft-16"
        scope="row"
      >
        <div>
          2dd81ef
        </div>
      </th>
      <td
        aria-sort={null}
        className="MuiTableCell-root-8 MuiTableCell-body-10 MuiTableCell-alignRight-18"
      >
        <div>
          14
        </div>
      </td>
      <td
        aria-sort={null}
        className="MuiTableCell-root-8 MuiTableCell-body-10 MuiTableCell-alignRight-18"
      >
        <div>
          Becky Lawrence
        </div>
      </td>
      <td
        aria-sort={null}
        className="MuiTableCell-root-8 MuiTableCell-body-10 MuiTableCell-alignRight-18"
      >
        <div />
      </td>
      <td
        aria-sort={null}
        className="MuiTableCell-root-8 MuiTableCell-body-10 MuiTableCell-alignRight-18"
      >
        <div>
          1969-02-10T04:02:44
        </div>
      </td>
    </tr>
  </tbody>
</table>
`;

exports[`DatatableBuilder component should render without errors 2`] = `
<div
  id="no-rows"
>
  There is no data yet
</div>
`;
